Microchip MPLAB XC8 Compiler V2.32

Linker command line:

-W-3 --edf=C:\Program Files\Microchip\xc8\v2.32\pic\dat\en_msgs.txt -cn \
  -h+dist/default/production\I2C_PIC16.X.production.sym \
  --cmf=dist/default/production\I2C_PIC16.X.production.cmf -z -Q16F887 \
  -oC:\Users\Pedro\AppData\Local\Temp\xcAsbr4.4 --defsym=__MPLAB_BUILD=1 \
  -Mdist/default/production/I2C_PIC16.X.production.map -E1 \
  -ver=XC8 Compiler --acfsm=1493 -ASTACK=0110h-016Fh -pstack=STACK \
  -ACODE=00h-07FFhx4 -ASTRCODE=00h-01FFFh -ASTRING=00h-0FFhx32 \
  -ACONST=00h-0FFhx32 -AENTRY=00h-0FFhx32 -ACOMMON=070h-07Fh \
  -ABANK0=020h-06Fh -ABANK1=0A0h-0EFh -ABANK2=0110h-016Fh \
  -ABANK3=0190h-01EFh -ARAM=020h-06Fh,0A0h-0EFh,0110h-016Fh,0190h-01EFh \
  -AABS1=020h-07Fh,0A0h-0EFh,0110h-016Fh,0190h-01EFh -ASFR0=00h-01Fh \
  -ASFR1=080h-09Fh -ASFR2=0100h-010Fh -ASFR3=0180h-018Fh \
  -ACONFIG=02007h-02008h -DCONFIG=2 -AIDLOC=02000h-02003h -DIDLOC=2 \
  -AEEDATA=00h-0FFh/02100h -peeprom_data=EEDATA -DEEDATA=2 -DCODE=2 \
  -DSTRCODE=2 -DSTRING=2 -DCONST=2 -DENTRY=2 \
  -preset_vec=00h,intentry,init,end_init -ppowerup=CODE -pcinit=CODE \
  -pfunctab=ENTRY -k C:\Users\Pedro\AppData\Local\Temp\xcAsbr4.o \
  dist/default/production\I2C_PIC16.X.production.o 

Object code version is 3.11

Machine type is 16F887



                Name                               Link     Load   Length Selector   Space Scale
C:\Users\Pedro\AppData\Local\Temp\xcAsbr4.o
                end_init                              0        0        3        0       0
                config                             2007     2007        2        0       4
dist/default/production\I2C_PIC16.X.production.o
                cinit                               7EE      7EE       12      FDC       0
                functab                               3        3       18        6       0
                config                             2007     2007        2        0       4
                text10                              680      680       16      D00       0
                text9                               786      786       68      F0C       0
                text8                               6EA      6EA       46      DD4       0
                text7                               730      730       56      E60       0
                text6                               652      652        D      CA4       0
                text5                               62C      62C        8      C58       0
                text4                               65F      65F        E      CBE       0
                text3                               646      646        C      C8C       0
                text2                               634      634        9      C68       0
                text1                               696      696       1B      D2C       0
                maintext                            6B1      6B1       39      D62       0
                cstackBANK0                          20       20       15       20       1
                cstackCOMMON                         70       70        E       70       1
                inittext                            66D      66D       13      CDA       0
                dataBANK0                            35       35        9       20       1
                idataBANK0                          63D      63D        9      C7A       0

TOTAL           Name                               Link     Load   Length     Space
        CLASS   STACK          

        CLASS   CODE           
                end_init                              0        0        3         0
                cinit                               7EE      7EE       12         0
                text10                              680      680       16         0
                text9                               786      786       68         0
                text8                               6EA      6EA       46         0
                text7                               730      730       56         0
                text6                               652      652        D         0
                text5                               62C      62C        8         0
                text4                               65F      65F        E         0
                text3                               646      646        C         0
                text2                               634      634        9         0
                text1                               696      696       1B         0
                maintext                            6B1      6B1       39         0
                inittext                            66D      66D       13         0
                idataBANK0                          63D      63D        9         0

        CLASS   STRCODE        

        CLASS   STRING         

        CLASS   CONST          

        CLASS   ENTRY          
                functab                               3        3       18         0

        CLASS   COMMON         
                cstackCOMMON                         70       70        E         1

        CLASS   BANK0          
                cstackBANK0                          20       20       15         1
                dataBANK0                            35       35        9         1

        CLASS   BANK1          

        CLASS   BANK2          

        CLASS   BANK3          

        CLASS   RAM            

        CLASS   ABS1           
                abs_s1                               7E       7E        2         1

        CLASS   SFR0           

        CLASS   SFR1           

        CLASS   SFR2           

        CLASS   SFR3           

        CLASS   CONFIG         
                config                             2007     2007        2         4

        CLASS   IDLOC          

        CLASS   EEDATA         



SEGMENTS        Name                           Load    Length   Top    Selector   Space  Class     Delta

                reset_vec                      000000  000003  000003         0       0  CODE        2
                functab                        000003  000018  00001B         6       0  ENTRY       2
                cstackBANK0                    000020  00001E  00003E        20       1  BANK0       1
                cstackCOMMON                   000070  00000E  00007E        70       1  COMMON      1
                text5                          00062C  000008  000634       C58       0  CODE        2
                text2                          000634  000009  00063D       C68       0  CODE        2
                idataBANK0                     00063D  000009  000646       C7A       0  CODE        2
                text3                          000646  00000C  000652       C8C       0  CODE        2
                text6                          000652  00000D  00065F       CA4       0  CODE        2
                text4                          00065F  00000E  00066D       CBE       0  CODE        2
                inittext                       00066D  000013  000680       CDA       0  CODE        2
                text10                         000680  000016  000696       D00       0  CODE        2
                text1                          000696  00001B  0006B1       D2C       0  CODE        2
                maintext                       0006B1  000039  0006EA       D62       0  CODE        2
                text8                          0006EA  000046  000730       DD4       0  CODE        2
                text7                          000730  000056  000786       E60       0  CODE        2
                text9                          000786  000068  0007EE       F0C       0  CODE        2
                cinit                          0007EE  000012  000800       FDC       0  CODE        2


UNUSED ADDRESS RANGES

        Name                Unused          Largest block    Delta
        BANK0            003E-006F             32           1
        BANK1            00A0-00EF             50           1
        BANK2            0110-016F             60           1
        BANK3            0190-01EF             60           1
        CODE             001B-062B            611           2
                         0800-1FFF            800
        CONST            001B-062B            100           2
                         0800-1FFF            100
        EEDATA           2100-21FF            100           2
        ENTRY            001B-062B            100           2
                         0800-1FFF            100
        IDLOC            2000-2003              4           2
        RAM              003E-006F             32           1
                         00A0-00EF             50
                         0110-016F             60
                         0190-01EF             60
        SFR0             0000-001F             20           1
        SFR1             0080-009F             20           1
        SFR2             0100-010F             10           1
        SFR3             0180-018F             10           1
        STACK            0110-016F             60           1
        STRCODE          001B-062B            611           2
                         0800-1FFF           1800
        STRING           001B-062B            100           2
                         0800-1FFF            100

                                  Symbol Table

?___lldiv                cstackBANK0  0020
?___lmul                 cstackCOMMON 0070
_ACKDT                   (abs)        048D
_ACKEN                   (abs)        048C
_PEN                     (abs)        048A
_RCEN                    (abs)        048B
_RSEN                    (abs)        0489
_SEN                     (abs)        0488
_SSPADD                  (abs)        0093
_SSPBUF                  (abs)        0013
_SSPCON2                 (abs)        0091
_SSPCON2bits             (abs)        0091
_SSPCONbits              (abs)        0014
_SSPEN                   (abs)        00A5
_SSPIF                   (abs)        0063
_SSPSTAT                 (abs)        0094
_SSPSTATbits             (abs)        0094
_TRISCbits               (abs)        0087
__Habs1                  abs1         0036
__Hbank0                 bank0        0036
__Hbank1                 bank1        0036
__Hbank2                 bank2        0036
__Hbank3                 bank3        0036
__Hcinit                 cinit        0800
__Hclrtext               clrtext      0036
__Hcode                  code         0036
__Hcommon                common       0036
__Hconfig                config       2009
__HcstackBANK0           cstackBANK0  0036
__HcstackCOMMON          cstackCOMMON 0036
__HdataBANK0             dataBANK0    0036
__Heeprom_data           eeprom_data  0000
__Hend_init              end_init     0003
__Hfunctab               functab      001B
__HidataBANK0            idataBANK0   0036
__Hinit                  init         0000
__Hinittext              inittext     0036
__Hintentry              intentry     0000
__Hmaintext              maintext     0036
__Hpowerup               powerup      0000
__Hram                   ram          0036
__Hreset_vec             reset_vec    0000
__Hsfr0                  sfr0         0036
__Hsfr1                  sfr1         0036
__Hsfr2                  sfr2         0036
__Hsfr3                  sfr3         0036
__Hspace_0               (abs)        0800
__Hspace_1               (abs)        007E
__Hspace_2               (abs)        0000
__Hspace_3               (abs)        0000
__Hspace_4               (abs)        4010
__Hstack                 stack        0000
__Hstrings               strings      0036
__Htext                  text         0036
__Labs1                  abs1         0036
__Lbank0                 bank0        0036
__Lbank1                 bank1        0036
__Lbank2                 bank2        0036
__Lbank3                 bank3        0036
__Lcinit                 cinit        07EE
__Lclrtext               clrtext      0036
__Lcode                  code         0036
__Lcommon                common       0036
__Lconfig                config       0000
__LcstackBANK0           cstackBANK0  0036
__LcstackCOMMON          cstackCOMMON 0036
__LdataBANK0             dataBANK0    0036
__Leeprom_data           eeprom_data  0000
__Lend_init              end_init     0000
__Lfunctab               functab      0003
__LidataBANK0            idataBANK0   0036
__Linit                  init         0000
__Linittext              inittext     0036
__Lintentry              intentry     0000
__Lmaintext              maintext     0036
__Lpowerup               powerup      0000
__Lram                   ram          0036
__Lreset_vec             reset_vec    0000
__Lsfr0                  sfr0         0036
__Lsfr1                  sfr1         0036
__Lsfr2                  sfr2         0036
__Lsfr3                  sfr3         0036
__Lspace_0               (abs)        0000
__Lspace_1               (abs)        0000
__Lspace_2               (abs)        0000
__Lspace_3               (abs)        0000
__Lspace_4               (abs)        0000
__Lstack                 stack        0000
__Lstrings               strings      0036
__Ltext                  text         0036
__S0                     (abs)        0800
__S1                     (abs)        007E
__S2                     (abs)        0000
__S3                     (abs)        0000
___int_sp                stack        0000
___latbits               (abs)        0002
___lldiv                 text9        0786
___lldiv@counter         cstackBANK0  002C
___lldiv@dividend        cstackBANK0  0024
___lldiv@divisor         cstackBANK0  0020
___lldiv@quotient        cstackBANK0  0028
___lmul                  text8        06EA
___lmul@multiplicand     cstackCOMMON 0074
___lmul@multiplier       cstackCOMMON 0070
___lmul@product          cstackCOMMON 0079
___sp                    stack        0000
___stackhi               (abs)        0000
___stacklo               (abs)        0000
__end_of___lldiv         text9        07EE
__end_of___lmul          text8        0730
__end_of__fptable        functab      001B
__end_of__initialization cinit        07FC
__end_of_delay           text10       0696
__end_of_i2cIdleWait     text6        065F
__end_of_i2cInit         text7        0786
__end_of_i2cRestart      text2        063D
__end_of_i2cStar         text4        066D
__end_of_i2cStop         text3        0652
__end_of_i2cWrite        text1        06B1
__end_of_main            maintext     06EA
__end_of_msspWait        text5        0634
__fptable                functab      0003
__initialization         cinit        07EE
__pcstackBANK0           cstackBANK0  0020
__pcstackCOMMON          cstackCOMMON 0070
__pdataBANK0             dataBANK0    0035
__pfunctab               functab      0003
__pidataBANK0            idataBANK0   063D
__pmaintext              maintext     06B1
__ptext1                 text1        0696
__ptext10                text10       0680
__ptext2                 text2        0634
__ptext3                 text3        0646
__ptext4                 text4        065F
__ptext5                 text5        062C
__ptext6                 text6        0652
__ptext7                 text7        0730
__ptext8                 text8        06EA
__ptext9                 text9        0786
__size_of___lldiv        (abs)        0000
__size_of___lmul         (abs)        0000
__size_of__fptable       (abs)        0000
__size_of_delay          (abs)        0000
__size_of_i2cIdleWait    (abs)        0000
__size_of_i2cInit        (abs)        0000
__size_of_i2cRestart     (abs)        0000
__size_of_i2cStar        (abs)        0000
__size_of_i2cStop        (abs)        0000
__size_of_i2cWrite       (abs)        0000
__size_of_main           (abs)        0000
__size_of_msspWait       (abs)        0000
_delay                   text10       0680
_i2c                     dataBANK0    0035
_i2cAck                  (abs)        0000
_i2cIdleWait             text6        0652
_i2cInit                 text7        0730
_i2cNack                 (abs)        0000
_i2cRead                 (abs)        0000
_i2cRestart              text2        0634
_i2cStar                 text4        065F
_i2cStop                 text3        0646
_i2cWrite                text1        0696
_main                    maintext     06B1
_msspWait                text5        062C
btemp                    (abs)        007E
delay@t                  cstackCOMMON 0070
end_of_initialization    cinit        07FC
entry__i2cRestart        functab      0015
entry__msspWait          functab      000C
fpbase                   functab      0008
fptable                  functab      0003
fptotal                  (abs)        000C
i2cInit@F                cstackBANK0  002D
i2cWrite@dat             cstackCOMMON 0070
init_fetch0              inittext     066D
init_ram0                inittext     0671
intlevel0                functab      0003
intlevel1                functab      0003
intlevel2                functab      0003
intlevel3                functab      0003
intlevel4                functab      0003
intlevel5                functab      0003
reset_vec                reset_vec    0000
start                    init         0000
start_initialization     cinit        07EE
wtemp0                   (abs)        007E


MODULE INFORMATION

Module		Function		Class		Link	Load	Size
delay.c
		_delay         		CODE           	0680	0000	22

delay.c estimated size: 22

C:\Program Files\Microchip\xc8\v2.32\pic\sources\c90\common\Umul32.c
		___lmul        		CODE           	06EA	0000	70

C:\Program Files\Microchip\xc8\v2.32\pic\sources\c90\common\Umul32.c estimated size: 70

i2c.c
		_i2cRestart    		CODE           	0634	0000	9
		_i2cStar       		CODE           	065F	0000	14
		_i2cWrite      		CODE           	0696	0000	27
		_i2cInit       		CODE           	0730	0000	86
		_i2cIdleWait   		CODE           	0652	0000	13
		_i2cStop       		CODE           	0646	0000	12
		_msspWait      		CODE           	062C	0000	8

i2c.c estimated size: 169

shared
		__initialization		CODE           	07EE	0000	14
		__fptable      		ENTRY          	0003	0000	24

shared estimated size: 38

main.c
		_main          		CODE           	06B1	0000	57

main.c estimated size: 57

C:\Program Files\Microchip\xc8\v2.32\pic\sources\c90\common\__lldiv.c
		___lldiv       		CODE           	0786	0000	104

C:\Program Files\Microchip\xc8\v2.32\pic\sources\c90\common\__lldiv.c estimated size: 104

